// Jest Snapshot v1, https://goo.gl/fbAQLP

exports[`Tooltip it should match snapshot 1`] = `
<Fragment>
  <Tooltip__StyledTooltipChildren
    aria-describedby={null}
    enabled={true}
    onBlur={[Function]}
    onClick={[Function]}
    onFocus={[Function]}
    onMouseEnter={[Function]}
    onMouseLeave={[Function]}
    tabIndex="0"
  >
    <Airplane />
  </Tooltip__StyledTooltipChildren>
</Fragment>
`;
