// Jest Snapshot v1, https://goo.gl/fbAQLP

exports[`ClickOutside shallow should match snapshot 1`] = `
<ClickOutside__Inner>
  Lorem ipsum
</ClickOutside__Inner>
`;
