// Jest Snapshot v1, https://goo.gl/fbAQLP

exports[`defaultTokens should match snapshot 1`] = `
{
  "alertBackgroundCritical": "#FAEAEA",
  "alertBackgroundInfo": "#E8F4FD",
  "alertBackgroundSuccess": "#EAF5EA",
  "alertBackgroundWarning": "#FEF2E6",
  "alertColorTextCritical": "#970C0C",
  "alertColorTextInfo": "#005AA3",
  "alertColorTextLink": "#4F5E71",
  "alertColorTextSuccess": "#2D7738",
  "alertColorTextWarning": "#AD5700",
  "alertIconCritical": "#D21C1C",
  "alertIconInfo": "#0172CB",
  "alertIconSuccess": "#28A138",
  "alertIconWarning": "#DF7B00",
  "backgroundAlertCritical": "#FAEAEA",
  "backgroundAlertInfo": "#E8F4FD",
  "backgroundAlertSuccess": "#EAF5EA",
  "backgroundAlertWarning": "#FEF2E6",
  "backgroundBadgeCritical": "#D21C1C",
  "backgroundBadgeCriticalSubtle": "#FAEAEA",
  "backgroundBadgeDark": "#252A31",
  "backgroundBadgeInfo": "#0172CB",
  "backgroundBadgeInfoSubtle": "#E8F4FD",
  "backgroundBadgeNeutral": "#F5F7F9",
  "backgroundBadgeSuccess": "#28A138",
  "backgroundBadgeSuccessSubtle": "#EAF5EA",
  "backgroundBadgeWarning": "#DF7B00",
  "backgroundBadgeWarningSubtle": "#FEF2E6",
  "backgroundBadgeWhite": "#FFFFFF",
  "backgroundBody": "#F5F7F9",
  "backgroundButtonBordered": "transparent",
  "backgroundButtonBorderedActive": "#F5F7F9",
  "backgroundButtonBorderedHover": "#F5F7F9",
  "backgroundButtonBundleBasic": "linear-gradient(to top right, #E13E3B 0%, #E87E09 100%)",
  "backgroundButtonBundleBasicActive": "linear-gradient(to top right, #9F1816 0%, #C36802 100%)",
  "backgroundButtonBundleBasicHover": "linear-gradient(to top right, #BD2825 0%, #D67000 100%)",
  "backgroundButtonBundleMedium": "linear-gradient(to top right, #3719AB 0%, #8539DB 100%)",
  "backgroundButtonBundleMediumActive": "linear-gradient(to top right, #250F79 0%, #5A3485 100%)",
  "backgroundButtonBundleMediumHover": "linear-gradient(to top right, #2D1393 0%, #7343AA 100%)",
  "backgroundButtonBundleTop": "linear-gradient(to top right, #2D2D2E 0%, #696E73 100%)",
  "backgroundButtonBundleTopActive": "linear-gradient(to top right, #101011 0%, #51575C)",
  "backgroundButtonBundleTopHover": "linear-gradient(to top right, #171718 0%, #51575C 100%)",
  "backgroundButtonCritical": "#D21C1C",
  "backgroundButtonCriticalActive": "#9D1515",
  "backgroundButtonCriticalHover": "#B91919",
  "backgroundButtonCriticalSubtle": "#FAEAEA",
  "backgroundButtonCriticalSubtleActive": "#F3CECE",
  "backgroundButtonCriticalSubtleFocus": "#FAEAEA",
  "backgroundButtonCriticalSubtleHover": "#F8E2E2",
  "backgroundButtonFacebook": "#3B5998",
  "backgroundButtonFacebookActive": "#354F88",
  "backgroundButtonFacebookHover": "#385490",
  "backgroundButtonGoogle": "#F5F7F9",
  "backgroundButtonGoogleActive": "#D6DEE6",
  "backgroundButtonGoogleHover": "#E5EAEF",
  "backgroundButtonInfo": "#0172CB",
  "backgroundButtonInfoActive": "#01508E",
  "backgroundButtonInfoHover": "#0161AC",
  "backgroundButtonLinkCritical": "transparent",
  "backgroundButtonLinkCriticalActive": "#F3CECE",
  "backgroundButtonLinkCriticalHover": "#F8E2E2",
  "backgroundButtonLinkPrimary": "transparent",
  "backgroundButtonLinkPrimaryActive": "#BFE8E2",
  "backgroundButtonLinkPrimaryHover": "#D6F0EC",
  "backgroundButtonLinkSecondary": "transparent",
  "backgroundButtonLinkSecondaryActive": "#D6DEE6",
  "backgroundButtonLinkSecondaryHover": "#E5EAEF",
  "backgroundButtonPrimary": "#00A58E",
  "backgroundButtonPrimaryActive": "#008472",
  "backgroundButtonPrimaryHover": "#009580",
  "backgroundButtonPrimarySubtle": "#E1F4F3",
  "backgroundButtonPrimarySubtleActive": "#BFE8E2",
  "backgroundButtonPrimarySubtleFocus": "#E1F4F3",
  "backgroundButtonPrimarySubtleHover": "#D6F0EC",
  "backgroundButtonSecondary": "#E8EDF1",
  "backgroundButtonSecondaryActive": "#CAD4DE",
  "backgroundButtonSecondaryHover": "#DCE3E9",
  "backgroundButtonSuccess": "#28A138",
  "backgroundButtonSuccessActive": "#1D7228",
  "backgroundButtonSuccessHover": "#238B31",
  "backgroundButtonWarning": "#DF7B00",
  "backgroundButtonWarningActive": "#B26200",
  "backgroundButtonWarningHover": "#C96F00",
  "backgroundButtonWhite": "#FFFFFF",
  "backgroundButtonWhiteActive": "#E5EAEF",
  "backgroundButtonWhiteBordered": "transparent",
  "backgroundButtonWhiteBorderedActive": "rgba(255, 255, 255, 0.2)",
  "backgroundButtonWhiteBorderedHover": "rgba(255, 255, 255, 0.2)",
  "backgroundButtonWhiteHover": "#F5F7F9",
  "backgroundCard": "#FFFFFF",
  "backgroundCarrierLogo": "transparent",
  "backgroundCountryFlag": "transparent",
  "backgroundIllustration": "transparent",
  "backgroundInput": "#FFFFFF",
  "backgroundInputDisabled": "#E8EDF1",
  "backgroundModal": "#FFFFFF",
  "backgroundSeparator": "#E8EDF1",
  "backgroundServiceLogo": "transparent",
  "backgroundSwitch": "#BAC7D5",
  "backgroundSwitchChecked": "#0172CB",
  "backgroundTable": "#FFFFFF",
  "backgroundTableEven": "#F5F7F9",
  "backgroundTableHover": "#E8EDF1",
  "backgroundTableShadowLeft": "linear-gradient(to left, transparent, rgba(186, 199, 213, 23))",
  "backgroundTableShadowRight": "linear-gradient(to right, transparent, rgba(186, 199, 213, 23))",
  "backgroundTag": "#F5F7F9",
  "backgroundTagActive": "#D6DEE6",
  "backgroundTagHover": "#E5EAEF",
  "backgroundTagSelected": "#252A31",
  "backgroundTagSelectedActive": "#0B0C0F",
  "backgroundTagSelectedHover": "#181B20",
  "backgroundTooltip": "#FFFFFF",
  "backgroundTooltipLargeMobile": "#005AA3",
  "badgeBundleBasicBackground": "linear-gradient(to top right, #E13E3B 0%, #E87E09 100%)",
  "badgeBundleBasicForeground": "#FFFFFF",
  "badgeBundleMediumBackground": "linear-gradient(to top right, #3719AB 0%, #8539DB 100%)",
  "badgeBundleMediumForeground": "#FFFFFF",
  "badgeBundleTopBackground": "linear-gradient(to top right, #2D2D2E 0%, #696E73 100%)",
  "badgeBundleTopForeground": "#FFFFFF",
  "badgeCriticalBackground": "#D21C1C",
  "badgeCriticalForeground": "#FFFFFF",
  "badgeCriticalSubtleBackground": "#FAEAEA",
  "badgeCriticalSubtleForeground": "#970C0C",
  "badgeDarkBackground": "#252A31",
  "badgeDarkForeground": "#FFFFFF",
  "badgeInfoBackground": "#0172CB",
  "badgeInfoForeground": "#FFFFFF",
  "badgeInfoSubtleBackground": "#E8F4FD",
  "badgeInfoSubtleForeground": "#005AA3",
  "badgeNeutralBackground": "#F5F7F9",
  "badgeNeutralForeground": "#252A31",
  "badgeSuccessBackground": "#28A138",
  "badgeSuccessForeground": "#FFFFFF",
  "badgeSuccessSubtleBackground": "#EAF5EA",
  "badgeSuccessSubtleForeground": "#2D7738",
  "badgeWarningBackground": "#DF7B00",
  "badgeWarningForeground": "#FFFFFF",
  "badgeWarningSubtleBackground": "#FEF2E6",
  "badgeWarningSubtleForeground": "#AD5700",
  "badgeWhiteBackground": "#FFFFFF",
  "badgeWhiteForeground": "#252A31",
  "borderColorButtonCriticalBordered": "#D21C1C",
  "borderColorButtonCriticalBorderedActive": "#9D1515",
  "borderColorButtonCriticalBorderedHover": "#B91919",
  "borderColorButtonFacebookBordered": "#3B5998",
  "borderColorButtonFacebookBorderedActive": "#354F88",
  "borderColorButtonFacebookBorderedHover": "#385490",
  "borderColorButtonGoogleBordered": "#252A31",
  "borderColorButtonGoogleBorderedActive": "#0B0C0F",
  "borderColorButtonGoogleBorderedHover": "#181B20",
  "borderColorButtonInfoBordered": "#0172CB",
  "borderColorButtonInfoBorderedActive": "#01508E",
  "borderColorButtonInfoBorderedHover": "#0161AC",
  "borderColorButtonPrimaryBordered": "#00A58E",
  "borderColorButtonPrimaryBorderedActive": "#008472",
  "borderColorButtonPrimaryBorderedHover": "#009580",
  "borderColorButtonSecondaryBordered": "#252A31",
  "borderColorButtonSecondaryBorderedActive": "#0B0C0F",
  "borderColorButtonSecondaryBorderedHover": "#181B20",
  "borderColorButtonSuccessBordered": "#28A138",
  "borderColorButtonSuccessBorderedActive": "#1D7228",
  "borderColorButtonSuccessBorderedHover": "#238B31",
  "borderColorButtonWarningBordered": "#DF7B00",
  "borderColorButtonWarningBorderedActive": "#B26200",
  "borderColorButtonWarningBorderedHover": "#C96F00",
  "borderColorButtonWhiteBordered": "#FFFFFF",
  "borderColorButtonWhiteBorderedActive": "#FFFFFF",
  "borderColorButtonWhiteBorderedHover": "#FFFFFF",
  "borderColorCard": "#E8EDF1",
  "borderColorCheckboxRadio": "#BAC7D5",
  "borderColorCheckboxRadioActive": "#252A31",
  "borderColorCheckboxRadioError": "#D21C1C",
  "borderColorCheckboxRadioFocus": "#0172CB",
  "borderColorCheckboxRadioHover": "#4F5E71",
  "borderColorInput": "#BAC7D5",
  "borderColorInputActive": "#94A8BE",
  "borderColorInputError": "#D21C1C",
  "borderColorInputErrorFocus": "#D21C1C",
  "borderColorInputErrorHover": "#B91919",
  "borderColorInputFocus": "#0172CB",
  "borderColorInputHover": "#A6B6C8",
  "borderColorModal": "#E8EDF1",
  "borderColorTable": "#E8EDF1",
  "borderColorTableCell": "#BAC7D5",
  "borderColorTableHead": "#BAC7D5",
  "borderColorTag": "#BAC7D5",
  "borderColorTagFocus": "#0172CB",
  "borderRadiusBadge": "12px",
  "borderRadiusCircle": "50%",
  "borderRadiusLarge": "6px",
  "borderRadiusNormal": "3px",
  "borderRadiusSmall": "2px",
  "borderStyleCard": "solid",
  "borderStyleInput": "solid",
  "borderWidthCard": "1px",
  "borderWidthInput": "1px",
  "borderWidthInputFocus": "2px",
  "boxShadowAction": "0 0 2px 0 rgba(37, 42, 49, 0.16),0 1px 4px 0 rgba(37, 42, 49, 0.12)",
  "boxShadowActionActive": "0 1px 4px 0 rgba(37, 42, 49, 0.16),0 4px 8px 0 rgba(37, 42, 49, 0.12)",
  "boxShadowButtonFocus": "0 0 4px 1px rgba(1, 114, 203, 0.3)",
  "boxShadowFixed": "0 0 2px 0 rgba(37, 42, 49, 0.16),0 2px 4px 0 rgba(37, 42, 49, 0.12)",
  "boxShadowFixedReverse": "0 0 2px 0 rgba(37, 42, 49, 0.16),0 -2px 4px 0 rgba(37, 42, 49, 0.12)",
  "boxShadowOverlay": "0 12px 24px -4px rgba(37, 42, 49, 0.24),0 8px 60px 0 rgba(37, 42, 49, 0.32)",
  "boxShadowRaised": "0 4px 8px 0 rgba(37, 42, 49, 0.16),0 8px 24px 0 rgba(37, 42, 49, 0.24)",
  "boxShadowRaisedReverse": "0 -4px 8px 0 rgba(37, 42, 49, 0.16),0 -8px 24px 0 rgba(37, 42, 49, 0.24)",
  "breakpointDesktop": 992,
  "breakpointLargeDesktop": 1200,
  "breakpointLargeMobile": 576,
  "breakpointMediumMobile": 414,
  "breakpointTablet": 768,
  "buttonBundleBasicBackground": "linear-gradient(to top right, #E13E3B 0%, #E87E09 100%)",
  "buttonBundleBasicBackgroundActive": "linear-gradient(to top right, #9F1816 0%, #C36802 100%)",
  "buttonBundleBasicBackgroundHover": "linear-gradient(to top right, #BD2825 0%, #D67000 100%)",
  "buttonBundleMediumBackground": "linear-gradient(to top right, #3719AB 0%, #8539DB 100%)",
  "buttonBundleMediumBackgroundActive": "linear-gradient(to top right, #250F79 0%, #5A3485 100%)",
  "buttonBundleMediumBackgroundHover": "linear-gradient(to top right, #2D1393 0%, #7343AA 100%)",
  "buttonBundleTopBackground": "linear-gradient(to top right, #2D2D2E 0%, #696E73 100%)",
  "buttonBundleTopBackgroundActive": "linear-gradient(to top right, #101011 0%, #51575C)",
  "buttonBundleTopBackgroundHover": "linear-gradient(to top right, #171718 0%, #51575C 100%)",
  "buttonCriticalBackground": "#D21C1C",
  "buttonCriticalBackgroundActive": "#9D1515",
  "buttonCriticalBackgroundHover": "#B91919",
  "buttonCriticalForeground": "#FFFFFF",
  "buttonCriticalForegroundActive": "#FFFFFF",
  "buttonCriticalForegroundHover": "#FFFFFF",
  "buttonCriticalSubtleBackground": "#FAEAEA",
  "buttonCriticalSubtleBackgroundActive": "#F3CECE",
  "buttonCriticalSubtleBackgroundHover": "#F8E2E2",
  "buttonCriticalSubtleForeground": "#970C0C",
  "buttonCriticalSubtleForegroundActive": "#6D0909",
  "buttonCriticalSubtleForegroundHover": "#890B0B",
  "buttonDisabledOpacity": "0.3",
  "buttonInfoBackground": "#0172CB",
  "buttonInfoBackgroundActive": "#01508E",
  "buttonInfoBackgroundHover": "#0161AC",
  "buttonInfoForeground": "#FFFFFF",
  "buttonInfoForegroundActive": "#FFFFFF",
  "buttonInfoForegroundHover": "#FFFFFF",
  "buttonLargeBothIconsPadding": "0 16px",
  "buttonLargeFontSize": "16px",
  "buttonLargeLeftIconPadding": "0 28px 0 16px",
  "buttonLargePadding": "0 28px",
  "buttonLargeRightIconPadding": "0 16px 0 28px",
  "buttonLinkCriticalBackground": "transparent",
  "buttonLinkCriticalBackgroundActive": "#F3CECE",
  "buttonLinkCriticalBackgroundHover": "#F8E2E2",
  "buttonLinkCriticalForeground": "#D21C1C",
  "buttonLinkCriticalForegroundActive": "#9D1515",
  "buttonLinkCriticalForegroundHover": "#B91919",
  "buttonLinkPrimaryBackground": "transparent",
  "buttonLinkPrimaryBackgroundActive": "#BFE8E2",
  "buttonLinkPrimaryBackgroundHover": "#D6F0EC",
  "buttonLinkPrimaryForeground": "#00A58E",
  "buttonLinkPrimaryForegroundActive": "#006657",
  "buttonLinkPrimaryForegroundHover": "#007060",
  "buttonLinkSecondaryBackground": "transparent",
  "buttonLinkSecondaryBackgroundActive": "#D6DEE6",
  "buttonLinkSecondaryBackgroundHover": "#E5EAEF",
  "buttonLinkSecondaryForeground": "#252A31",
  "buttonLinkSecondaryForegroundActive": "#0B0C0F",
  "buttonLinkSecondaryForegroundHover": "#181B20",
  "buttonNormalBothIconsPadding": "0 12px",
  "buttonNormalFontSize": "15px",
  "buttonNormalLeftIconPadding": "0 16px 0 12px",
  "buttonNormalPadding": "0 16px",
  "buttonNormalRightIconPadding": "0 12px 0 16px",
  "buttonPrimaryBackground": "#00A58E",
  "buttonPrimaryBackgroundActive": "#008472",
  "buttonPrimaryBackgroundHover": "#009580",
  "buttonPrimaryBorderColorFocus": "rgba(0, 165, 142, 0.5)",
  "buttonPrimaryForeground": "#FFFFFF",
  "buttonPrimaryForegroundActive": "#FFFFFF",
  "buttonPrimaryForegroundHover": "#FFFFFF",
  "buttonPrimarySubtleBackground": "#E1F4F3",
  "buttonPrimarySubtleBackgroundActive": "#BFE8E2",
  "buttonPrimarySubtleBackgroundHover": "#D6F0EC",
  "buttonPrimarySubtleForeground": "#007A69",
  "buttonPrimarySubtleForegroundActive": "#006657",
  "buttonPrimarySubtleForegroundHover": "#007060",
  "buttonSecondaryBackground": "#E8EDF1",
  "buttonSecondaryBackgroundActive": "#CAD4DE",
  "buttonSecondaryBackgroundHover": "#DCE3E9",
  "buttonSecondaryForeground": "#252A31",
  "buttonSecondaryForegroundActive": "#0B0C0F",
  "buttonSecondaryForegroundHover": "#181B20",
  "buttonSmallBothIconsPadding": "0 8px",
  "buttonSmallFontSize": "13px",
  "buttonSmallLeftIconPadding": "0 12px 0 8px",
  "buttonSmallPadding": "0 12px",
  "buttonSmallRightIconPadding": "0 8px 0 12px",
  "buttonSuccessBackground": "#28A138",
  "buttonSuccessBackgroundActive": "#1D7228",
  "buttonSuccessBackgroundHover": "#238B31",
  "buttonSuccessForeground": "#FFFFFF",
  "buttonSuccessForegroundActive": "#FFFFFF",
  "buttonSuccessForegroundHover": "#FFFFFF",
  "buttonWarningBackground": "#DF7B00",
  "buttonWarningBackgroundActive": "#B26200",
  "buttonWarningBackgroundHover": "#C96F00",
  "buttonWarningForeground": "#FFFFFF",
  "buttonWarningForegroundActive": "#FFFFFF",
  "buttonWarningForegroundHover": "#FFFFFF",
  "buttonWhiteBackground": "#FFFFFF",
  "buttonWhiteBackgroundActive": "#E5EAEF",
  "buttonWhiteBackgroundHover": "#F5F7F9",
  "buttonWhiteBorderColorFocus": "rgba(231, 236, 241, 0.5)",
  "buttonWhiteForeground": "#252A31",
  "buttonWhiteForegroundActive": "#0B0C0F",
  "buttonWhiteForegroundHover": "#181B20",
  "buttonWithoutTextPadding": "0",
  "colorAlertIconCritical": "#D21C1C",
  "colorAlertIconInfo": "#0172CB",
  "colorAlertIconSuccess": "#28A138",
  "colorAlertIconWarning": "#DF7B00",
  "colorFormLabel": "#252A31",
  "colorFormLabelFilled": "#4F5E71",
  "colorHeading": "#252A31",
  "colorHeadingInverted": "#FFFFFF",
  "colorIconCheckboxRadio": "#00A58E",
  "colorIconCheckboxRadioDisabled": "#BAC7D5",
  "colorIconCritical": "#D21C1C",
  "colorIconInfo": "#0172CB",
  "colorIconInput": "#BAC7D5",
  "colorIconPrimary": "#252A31",
  "colorIconRadioButton": "#00A58E",
  "colorIconRadioButtonDisabled": "#4F5E71",
  "colorIconSecondary": "#4F5E71",
  "colorIconSuccess": "#28A138",
  "colorIconTertiary": "#BAC7D5",
  "colorIconWarning": "#DF7B00",
  "colorInfoCheckBoxRadio": "#4F5E71",
  "colorPlaceholderInput": "#697D95",
  "colorPlaceholderInputError": "#D21C1C",
  "colorPlaceholderInputFile": "#697D95",
  "colorPlaceholderInputFileError": "#D21C1C",
  "colorStopoverArrow": "#697D95",
  "colorTextAlertCritical": "#970C0C",
  "colorTextAlertInfo": "#005AA3",
  "colorTextAlertLink": "#4F5E71",
  "colorTextAlertSuccess": "#2D7738",
  "colorTextAlertWarning": "#AD5700",
  "colorTextBadgeCritical": "#D21C1C",
  "colorTextBadgeDark": "#FFFFFF",
  "colorTextBadgeInfo": "#0172CB",
  "colorTextBadgeNeutral": "#4F5E71",
  "colorTextBadgeSuccess": "#28A138",
  "colorTextBadgeWarning": "#DF7B00",
  "colorTextBadgeWhite": "#252A31",
  "colorTextButtonCritical": "#FFFFFF",
  "colorTextButtonCriticalActive": "#FFFFFF",
  "colorTextButtonCriticalBordered": "#D21C1C",
  "colorTextButtonCriticalBorderedActive": "#9D1515",
  "colorTextButtonCriticalBorderedHover": "#B91919",
  "colorTextButtonCriticalHover": "#FFFFFF",
  "colorTextButtonCriticalSubtle": "#970C0C",
  "colorTextButtonCriticalSubtleActive": "#6D0909",
  "colorTextButtonCriticalSubtleHover": "#890B0B",
  "colorTextButtonFacebook": "#FFFFFF",
  "colorTextButtonFacebookActive": "#FFFFFF",
  "colorTextButtonFacebookBordered": "#3B5998",
  "colorTextButtonFacebookBorderedActive": "#354F88",
  "colorTextButtonFacebookBorderedHover": "#385490",
  "colorTextButtonFacebookHover": "#FFFFFF",
  "colorTextButtonFilled": "#FFFFFF",
  "colorTextButtonFilledActive": "#FFFFFF",
  "colorTextButtonFilledHover": "#FFFFFF",
  "colorTextButtonGoogle": "#252A31",
  "colorTextButtonGoogleActive": "#0B0C0F",
  "colorTextButtonGoogleBordered": "#252A31",
  "colorTextButtonGoogleBorderedActive": "#0B0C0F",
  "colorTextButtonGoogleBorderedHover": "#181B20",
  "colorTextButtonGoogleHover": "#181B20",
  "colorTextButtonInfo": "#FFFFFF",
  "colorTextButtonInfoActive": "#FFFFFF",
  "colorTextButtonInfoBordered": "#0172CB",
  "colorTextButtonInfoBorderedActive": "#01508E",
  "colorTextButtonInfoBorderedHover": "#0161AC",
  "colorTextButtonInfoHover": "#FFFFFF",
  "colorTextButtonLinkCritical": "#D21C1C",
  "colorTextButtonLinkCriticalActive": "#9D1515",
  "colorTextButtonLinkCriticalHover": "#B91919",
  "colorTextButtonLinkPrimary": "#00A58E",
  "colorTextButtonLinkPrimaryActive": "#008472",
  "colorTextButtonLinkPrimaryHover": "#009580",
  "colorTextButtonLinkSecondary": "#252A31",
  "colorTextButtonLinkSecondaryActive": "#0B0C0F",
  "colorTextButtonLinkSecondaryCompactActive": "#008472",
  "colorTextButtonLinkSecondaryCompactHover": "#009580",
  "colorTextButtonLinkSecondaryHover": "#181B20",
  "colorTextButtonPrimary": "#FFFFFF",
  "colorTextButtonPrimaryActive": "#FFFFFF",
  "colorTextButtonPrimaryBordered": "#00A58E",
  "colorTextButtonPrimaryBorderedActive": "#008472",
  "colorTextButtonPrimaryBorderedHover": "#009580",
  "colorTextButtonPrimaryHover": "#FFFFFF",
  "colorTextButtonPrimarySubtle": "#007A69",
  "colorTextButtonPrimarySubtleActive": "#006657",
  "colorTextButtonPrimarySubtleHover": "#007060",
  "colorTextButtonSecondary": "#252A31",
  "colorTextButtonSecondaryActive": "#0B0C0F",
  "colorTextButtonSecondaryBordered": "#252A31",
  "colorTextButtonSecondaryBorderedActive": "#0B0C0F",
  "colorTextButtonSecondaryBorderedHover": "#181B20",
  "colorTextButtonSecondaryHover": "#181B20",
  "colorTextButtonSuccess": "#FFFFFF",
  "colorTextButtonSuccessActive": "#FFFFFF",
  "colorTextButtonSuccessBordered": "#28A138",
  "colorTextButtonSuccessBorderedActive": "#1D7228",
  "colorTextButtonSuccessBorderedHover": "#238B31",
  "colorTextButtonSuccessHover": "#FFFFFF",
  "colorTextButtonWarning": "#FFFFFF",
  "colorTextButtonWarningActive": "#FFFFFF",
  "colorTextButtonWarningBordered": "#DF7B00",
  "colorTextButtonWarningBorderedActive": "#B26200",
  "colorTextButtonWarningBorderedHover": "#C96F00",
  "colorTextButtonWarningHover": "#FFFFFF",
  "colorTextButtonWhite": "#252A31",
  "colorTextButtonWhiteActive": "#0B0C0F",
  "colorTextButtonWhiteBordered": "#FFFFFF",
  "colorTextButtonWhiteBorderedActive": "#FFFFFF",
  "colorTextButtonWhiteBorderedHover": "#FFFFFF",
  "colorTextButtonWhiteHover": "#181B20",
  "colorTextCritical": "#D21C1C",
  "colorTextError": "#D21C1C",
  "colorTextInfo": "#0172CB",
  "colorTextInput": "#252A31",
  "colorTextInputDisabled": "#4F5E71",
  "colorTextInputPrefix": "#4F5E71",
  "colorTextLinkPrimary": "#007A69",
  "colorTextLinkPrimaryHover": "#00A58E",
  "colorTextLinkSecondary": "#252A31",
  "colorTextLinkSecondaryHover": "#00A58E",
  "colorTextLoading": "#BAC7D5",
  "colorTextPrimary": "#252A31",
  "colorTextSecondary": "#4F5E71",
  "colorTextSuccess": "#28A138",
  "colorTextTable": "#697D95",
  "colorTextTag": "#252A31",
  "colorTextTagSelected": "#BAC7D5",
  "colorTextWarning": "#DF7B00",
  "colorTextWhite": "#FFFFFF",
  "countryFlagBackground": "transparent",
  "countryFlagMediumHeight": "13px",
  "countryFlagMediumWidth": "24px",
  "countryFlagShadow": "inset 0 0 0 1px rgba(37, 42, 49, 0.1)",
  "countryFlagSmallHeight": "9px",
  "countryFlagSmallWidth": "16px",
  "durationFast": "0.15s",
  "durationNormal": "0.3s",
  "durationSlow": "0.4s",
  "elevationActionActiveBackground": "#FFFFFF",
  "elevationActionActiveBoxShadow": "0 1px 4px 0 rgba(37, 42, 49, 0.16),0 4px 8px 0 rgba(37, 42, 49, 0.12)",
  "elevationActionBackground": "#FFFFFF",
  "elevationActionBoxShadow": "0 0 2px 0 rgba(37, 42, 49, 0.16),0 1px 4px 0 rgba(37, 42, 49, 0.12)",
  "elevationFixedBackground": "#FFFFFF",
  "elevationFixedBoxShadow": "0 0 2px 0 rgba(37, 42, 49, 0.16),0 2px 4px 0 rgba(37, 42, 49, 0.12)",
  "elevationFixedReverseBackground": "#FFFFFF",
  "elevationFixedReverseBoxShadow": "0 0 2px 0 rgba(37, 42, 49, 0.16),0 -2px 4px 0 rgba(37, 42, 49, 0.12)",
  "elevationFlatBackground": "#FFFFFF",
  "elevationFlatBorderColor": "#E8EDF1",
  "elevationFlatBorderSize": "1px",
  "elevationOverlayBackground": "#FFFFFF",
  "elevationOverlayBoxShadow": "0 12px 24px -4px rgba(37, 42, 49, 0.24),0 8px 60px 0 rgba(37, 42, 49, 0.32)",
  "elevationRaisedBackground": "#FFFFFF",
  "elevationRaisedBoxShadow": "0 4px 8px 0 rgba(37, 42, 49, 0.16),0 8px 24px 0 rgba(37, 42, 49, 0.24)",
  "elevationRaisedReverseBackground": "#FFFFFF",
  "elevationRaisedReverseBoxShadow": "0 -4px 8px 0 rgba(37, 42, 49, 0.16),0 -8px 24px 0 rgba(37, 42, 49, 0.24)",
  "elevationSuppressedBackground": "#F5F7F9",
  "fontFamily": "'Roboto', -apple-system, '.SFNSText-Regular', 'San Francisco', 'Segoe UI', 'Helvetica Neue', 'Lucida Grande', sans-serif",
  "fontSizeButtonLarge": "16px",
  "fontSizeButtonNormal": "15px",
  "fontSizeButtonSmall": "13px",
  "fontSizeFormFeedback": "13px",
  "fontSizeFormLabel": "15px",
  "fontSizeHeadingDisplay": "40px",
  "fontSizeHeadingDisplaySubtitle": "22px",
  "fontSizeHeadingTitle1": "28px",
  "fontSizeHeadingTitle2": "22px",
  "fontSizeHeadingTitle3": "18px",
  "fontSizeHeadingTitle4": "16px",
  "fontSizeHeadingTitle5": "15px",
  "fontSizeHeadingTitle6": "13px",
  "fontSizeInputNormal": "15px",
  "fontSizeInputSmall": "15px",
  "fontSizeMessage": "15px",
  "fontSizeTextExtraLarge": "18px",
  "fontSizeTextLarge": "16px",
  "fontSizeTextNormal": "15px",
  "fontSizeTextSmall": "13px",
  "fontWeightBold": "700",
  "fontWeightHeadingDisplay": "700",
  "fontWeightHeadingDisplaySubtitle": "400",
  "fontWeightHeadingTitle1": "700",
  "fontWeightHeadingTitle2": "500",
  "fontWeightHeadingTitle3": "500",
  "fontWeightHeadingTitle4": "700",
  "fontWeightHeadingTitle5": "700",
  "fontWeightHeadingTitle6": "700",
  "fontWeightLinks": "500",
  "fontWeightMedium": "500",
  "fontWeightNormal": "400",
  "fontWeightTableHead": "700",
  "formBoxLargeHeight": "52px",
  "formBoxNormalHeight": "44px",
  "formBoxSmallHeight": "32px",
  "formElementBackground": "#FFFFFF",
  "formElementBorderColor": "#BAC7D5",
  "formElementBorderColorActive": "#94A8BE",
  "formElementBorderColorError": "#D21C1C",
  "formElementBorderColorFocus": "#0172CB",
  "formElementBorderColorHover": "#A6B6C8",
  "formElementDisabledBackground": "#E8EDF1",
  "formElementDisabledForeground": "#4F5E71",
  "formElementDisabledOpacity": "0.5",
  "formElementErrorFocusBoxShadow": "inset 0 0 0 1px rgba(210, 28, 28, 1),inset 0 0 0 3px rgba(210, 28, 28, 0.15)",
  "formElementFilledForeground": "#4F5E71",
  "formElementFocusBoxShadow": "inset 0 0 0 1px rgba(1, 114, 203, 1),inset 0 0 0 3px rgba(1, 114, 203, 0.15)",
  "formElementForeground": "#BAC7D5",
  "formElementLabelFilledForeground": "#697D95",
  "formElementLabelForeground": "#4F5E71",
  "formElementNormalFontSize": "15px",
  "formElementNormalPadding": "0 12px",
  "formElementPrefixForeground": "#697D95",
  "formElementSmallFontSize": "15px",
  "formElementSmallPadding": "0 12px",
  "headingDisplayFontSize": "40px",
  "headingDisplayFontWeight": "700",
  "headingDisplayLineHeight": "44px",
  "headingDisplaySubtitleFontSize": "22px",
  "headingDisplaySubtitleFontWeight": "400",
  "headingDisplaySubtitleLineHeight": "28px",
  "headingForeground": "#252A31",
  "headingForegroundInverted": "#FFFFFF",
  "headingTitle1FontSize": "28px",
  "headingTitle1FontWeight": "700",
  "headingTitle1LineHeight": "32px",
  "headingTitle2FontSize": "22px",
  "headingTitle2FontWeight": "500",
  "headingTitle2LineHeight": "28px",
  "headingTitle3FontSize": "18px",
  "headingTitle3FontWeight": "500",
  "headingTitle3LineHeight": "24px",
  "headingTitle4FontSize": "16px",
  "headingTitle4FontWeight": "700",
  "headingTitle4LineHeight": "20px",
  "headingTitle5FontSize": "15px",
  "headingTitle5FontWeight": "700",
  "headingTitle5LineHeight": "20px",
  "headingTitle6FontSize": "13px",
  "headingTitle6FontWeight": "700",
  "headingTitle6LineHeight": "16px",
  "heightBadge": "20px",
  "heightButtonLarge": "52px",
  "heightButtonNormal": "44px",
  "heightButtonSmall": "32px",
  "heightCarrierLogo": "32px",
  "heightCheckbox": "20px",
  "heightCountryFlag": "auto",
  "heightIconLarge": "24px",
  "heightIconMedium": "20px",
  "heightIconSmall": "16px",
  "heightIllustrationMedium": "200px",
  "heightIllustrationSmall": "90px",
  "heightInputGroupSeparatorNormal": "20px",
  "heightInputGroupSeparatorSmall": "16px",
  "heightInputLarge": "52px",
  "heightInputNormal": "44px",
  "heightInputSmall": "32px",
  "heightRadioButton": "20px",
  "heightSeparator": "1px",
  "heightServiceLogoLarge": "48px",
  "heightServiceLogoMedium": "24px",
  "heightServiceLogoSmall": "12px",
  "heightStopoverArrow": "7px",
  "iconCriticalForeground": "#D21C1C",
  "iconExtraLargeSize": "32px",
  "iconInfoForeground": "#0172CB",
  "iconLargeSize": "24px",
  "iconMediumSize": "20px",
  "iconPrimaryForeground": "#252A31",
  "iconSecondaryForeground": "#4F5E71",
  "iconSmallSize": "16px",
  "iconSuccessForeground": "#28A138",
  "iconTertiaryForeground": "#BAC7D5",
  "iconWarningForeground": "#DF7B00",
  "illustrationDisplayHeight": "460px",
  "illustrationExtraSmallHeight": "90px",
  "illustrationLargeHeight": "280px",
  "illustrationMediumHeight": "200px",
  "illustrationSmallHeight": "120px",
  "lineHeightExtraLarge": "24px",
  "lineHeightHeading": "1.2",
  "lineHeightHeadingDisplay": "44px",
  "lineHeightHeadingDisplaySubtitle": "28px",
  "lineHeightHeadingTitle1": "32px",
  "lineHeightHeadingTitle2": "28px",
  "lineHeightHeadingTitle3": "24px",
  "lineHeightHeadingTitle4": "20px",
  "lineHeightHeadingTitle5": "20px",
  "lineHeightHeadingTitle6": "16px",
  "lineHeightLarge": "24px",
  "lineHeightNormal": "20px",
  "lineHeightSmall": "16px",
  "lineHeightText": "1.4",
  "lineHeightTextExtraLarge": "24px",
  "lineHeightTextLarge": "24px",
  "lineHeightTextNormal": "20px",
  "lineHeightTextSmall": "16px",
  "loadingForeground": "#BAC7D5",
  "marginBadgeIcon": "0 4px 0 0",
  "marginBottomSelectSuffix": "2px",
  "marginButtonGroup": "0 1px 0 0",
  "marginButtonIcon": "8px",
  "marginTopFormFeedback": "2px",
  "modalExtraLargeWidth": "1280px",
  "modalExtraSmallWidth": "360px",
  "modalLargeWidth": "900px",
  "modalNormalWidth": "740px",
  "modalSmallWidth": "540px",
  "modifierScaleButtonActive": 0.95,
  "modifierScaleCheckboxRadioActive": 0.95,
  "opacityButtonDisabled": "0.3",
  "opacityCheckboxDisabled": "0.5",
  "opacityOverlay": "0.8",
  "opacityRadioButtonDisabled": "0.5",
  "paddingAlert": "16px",
  "paddingAlertWithIcon": "12px",
  "paddingBadge": "0 8px",
  "paddingButtonLarge": "0 28px",
  "paddingButtonLargeWithIcons": "0 16px",
  "paddingButtonLargeWithLeftIcon": "0 28px 0 16px",
  "paddingButtonLargeWithRightIcon": "0 16px 0 28px",
  "paddingButtonNormal": "0 16px",
  "paddingButtonNormalWithIcons": "0 12px",
  "paddingButtonNormalWithLeftIcon": "0 16px 0 12px",
  "paddingButtonNormalWithRightIcon": "0 12px 0 16px",
  "paddingButtonSmall": "0 12px",
  "paddingButtonSmallWithIcons": "0 8px",
  "paddingButtonSmallWithLeftIcon": "0 12px 0 8px",
  "paddingButtonSmallWithRightIcon": "0 8px 0 12px",
  "paddingButtonWithoutText": "0",
  "paddingInputFile": "0 0 0 6px",
  "paddingInputNormal": "0 12px",
  "paddingInputSmall": "0 12px",
  "paddingLeftSelectPrefix": "48px",
  "paddingLoading": "12px",
  "paddingTable": "12px 16px",
  "paddingTableCompact": "8px 12px",
  "paddingTag": "6px 8px",
  "paddingTagRemovable": "6px 6px 6px 8px",
  "paddingTagRemovableWithIcon": "6px",
  "paddingTagWithIcon": "6px 8px 6px 6px",
  "paddingTextareaNormal": "12px",
  "paddingTextareaSmall": "8px 12px",
  "paletteBlueDark": "#005AA3",
  "paletteBlueDarkActive": "#003E70",
  "paletteBlueDarkHover": "#004F8F",
  "paletteBlueDarker": "#004680",
  "paletteBlueLight": "#E8F4FD",
  "paletteBlueLightActive": "#C7E4FA",
  "paletteBlueLightHover": "#DEF0FC",
  "paletteBlueNormal": "#0172CB",
  "paletteBlueNormalActive": "#01508E",
  "paletteBlueNormalHover": "#0161AC",
  "paletteBundleBasic": "#D7331C",
  "paletteBundleMedium": "#3B1EB0",
  "paletteCloudDark": "#BAC7D5",
  "paletteCloudDarkActive": "#94A8BE",
  "paletteCloudDarkHover": "#A6B6C8",
  "paletteCloudLight": "#F5F7F9",
  "paletteCloudLightActive": "#D6DEE6",
  "paletteCloudLightHover": "#E5EAEF",
  "paletteCloudNormal": "#E8EDF1",
  "paletteCloudNormalActive": "#CAD4DE",
  "paletteCloudNormalHover": "#DCE3E9",
  "paletteGreenDark": "#2D7738",
  "paletteGreenDarkActive": "#1F5126",
  "paletteGreenDarkHover": "#276831",
  "paletteGreenDarker": "#235C2B",
  "paletteGreenLight": "#EAF5EA",
  "paletteGreenLightActive": "#CDE4CF",
  "paletteGreenLightHover": "#E1EFE2",
  "paletteGreenNormal": "#28A138",
  "paletteGreenNormalActive": "#1D7228",
  "paletteGreenNormalHover": "#238B31",
  "paletteInkDark": "#252A31",
  "paletteInkDarkActive": "#0B0C0F",
  "paletteInkDarkHover": "#181B20",
  "paletteInkLight": "#697D95",
  "paletteInkLightActive": "#4A617C",
  "paletteInkLightHover": "#5D738E",
  "paletteInkNormal": "#4F5E71",
  "paletteInkNormalActive": "#324256",
  "paletteInkNormalHover": "#3E4E63",
  "paletteOrangeDark": "#AD5700",
  "paletteOrangeDarkActive": "#954A00",
  "paletteOrangeDarkHover": "#A75400",
  "paletteOrangeDarker": "#803F00",
  "paletteOrangeLight": "#FEF2E6",
  "paletteOrangeLightActive": "#FAE2C6",
  "paletteOrangeLightHover": "#FCECDA",
  "paletteOrangeNormal": "#DF7B00",
  "paletteOrangeNormalActive": "#B26200",
  "paletteOrangeNormalHover": "#C96F00",
  "paletteProductDark": "#007A69",
  "paletteProductDarkActive": "#006657",
  "paletteProductDarkHover": "#007060",
  "paletteProductDarker": "#005C4E",
  "paletteProductLight": "#E1F4F3",
  "paletteProductLightActive": "#BFE8E2",
  "paletteProductLightHover": "#D6F0EC",
  "paletteProductNormal": "#00A58E",
  "paletteProductNormalActive": "#008472",
  "paletteProductNormalHover": "#009580",
  "paletteRedDark": "#970C0C",
  "paletteRedDarkActive": "#6D0909",
  "paletteRedDarkHover": "#890B0B",
  "paletteRedDarker": "#760909",
  "paletteRedLight": "#FAEAEA",
  "paletteRedLightActive": "#F3CECE",
  "paletteRedLightHover": "#F8E2E2",
  "paletteRedNormal": "#D21C1C",
  "paletteRedNormalActive": "#9D1515",
  "paletteRedNormalHover": "#B91919",
  "paletteSocialFacebook": "#3B5998",
  "paletteSocialFacebookActive": "#354F88",
  "paletteSocialFacebookHover": "#385490",
  "paletteWhite": "#FFFFFF",
  "paletteWhiteActive": "#E7ECF1",
  "paletteWhiteHover": "#F1F4F7",
  "paletteWhiteNormal": "#FFFFFF",
  "socialButtonAppleBackground": "#4F5E71",
  "socialButtonAppleBackgroundActive": "#324256",
  "socialButtonAppleBackgroundHover": "#3E4E63",
  "socialButtonAppleBorderColorFocus": "rgba(105, 125, 149, 0.5)",
  "socialButtonAppleForeground": "#FFFFFF",
  "socialButtonAppleForegroundActive": "#FFFFFF",
  "socialButtonAppleForegroundHover": "#FFFFFF",
  "socialButtonAppleIconForeground": "#FFFFFF",
  "socialButtonFacebookBackground": "#3B5998",
  "socialButtonFacebookBackgroundActive": "#354F88",
  "socialButtonFacebookBackgroundHover": "#385490",
  "socialButtonFacebookForeground": "#FFFFFF",
  "socialButtonFacebookForegroundActive": "#FFFFFF",
  "socialButtonFacebookForegroundHover": "#FFFFFF",
  "socialButtonFacebookIconForeground": "#3B5998",
  "socialButtonGoogleBackground": "#F5F7F9",
  "socialButtonGoogleBackgroundActive": "#D6DEE6",
  "socialButtonGoogleBackgroundHover": "#E5EAEF",
  "socialButtonGoogleForeground": "#252A31",
  "socialButtonGoogleForegroundActive": "#0B0C0F",
  "socialButtonGoogleForegroundHover": "#181B20",
  "socialButtonGoogleIconForeground": "currentColor",
  "socialButtonTwitterBackground": "#BAC7D5",
  "socialButtonTwitterBackgroundActive": "#CAD4DE",
  "socialButtonTwitterBackgroundHover": "#DCE3E9",
  "socialButtonTwitterBorderColorFocus": "rgba(105, 125, 149, 0.5)",
  "socialButtonTwitterForeground": "#4F5E71",
  "socialButtonTwitterForegroundActive": "#4F5E71",
  "socialButtonTwitterForegroundHover": "#4F5E71",
  "socialButtonTwitterIconForeground": "#00ACEE",
  "spaceLarge": "24px",
  "spaceMedium": "16px",
  "spaceSmall": "12px",
  "spaceXLarge": "32px",
  "spaceXSmall": "8px",
  "spaceXXLarge": "40px",
  "spaceXXSmall": "4px",
  "spaceXXXLarge": "52px",
  "spaceXXXSmall": "2px",
  "tabBundleBasicBackground": "linear-gradient(80.91deg, #E13E3B 0%, #E87E09 100%)",
  "tabBundleBasicBackgroundActive": "rgba(215, 51, 28, 0.12)",
  "tabBundleBasicBackgroundHover": "rgba(215, 51, 28, 0.08)",
  "tabBundleMediumBackground": "linear-gradient(80.91deg, #3719AB  0%, #8539DB 100%)",
  "tabBundleMediumBackgroundActive": "rgba(59, 30, 176, 0.12)",
  "tabBundleMediumBackgroundHover": "rgba(59, 30, 176, 0.08)",
  "tabBundleTopBackground": "linear-gradient(80.91deg, #2D2D2E 0%, #696E73 100%)",
  "tagColoredBackground": "#E8F4FD",
  "tagColoredBackgroundActive": "#C7E4FA",
  "tagColoredBackgroundHover": "#DEF0FC",
  "tagColoredForeground": "#004680",
  "tagNeutralBackground": "#E8EDF1",
  "tagNeutralBackgroundActive": "#CAD4DE",
  "tagNeutralBackgroundHover": "#DCE3E9",
  "tagNeutralForeground": "#252A31",
  "textCriticalBackground": "rgba(210, 28, 28, 0.1)",
  "textCriticalForeground": "#D21C1C",
  "textDecorationTextLinkPrimary": "underline",
  "textDecorationTextLinkPrimaryHover": "none",
  "textDecorationTextLinkSecondary": "underline",
  "textDecorationTextLinkSecondaryHover": "none",
  "textInfoBackground": "rgba(1, 114, 203, 0.1)",
  "textInfoForeground": "#0172CB",
  "textLinkCriticalForeground": "#970C0C",
  "textLinkCriticalForegroundActive": "#760909",
  "textLinkCriticalForegroundHover": "#890B0B",
  "textLinkInfoForeground": "#005AA3",
  "textLinkInfoForegroundActive": "#004680",
  "textLinkInfoForegroundHover": "#004F8F",
  "textLinkPrimaryForeground": "#007A69",
  "textLinkPrimaryForegroundActive": "#006657",
  "textLinkPrimaryForegroundHover": "#007060",
  "textLinkSecondaryForeground": "#252A31",
  "textLinkSecondaryForegroundActive": "#006657",
  "textLinkSecondaryForegroundHover": "#007060",
  "textLinkSuccessForeground": "#2D7738",
  "textLinkSuccessForegroundActive": "#235C2B",
  "textLinkSuccessForegroundHover": "#276831",
  "textLinkWarningForeground": "#AD5700",
  "textLinkWarningForegroundActive": "#803F00",
  "textLinkWarningForegroundHover": "#A75400",
  "textLinkWhiteForeground": "#FFFFFF",
  "textLinkWhiteForegroundActive": "#E1F4F3",
  "textLinkWhiteForegroundHover": "#E1F4F3",
  "textPrimaryBackground": "rgba(37, 42, 49, 0.1)",
  "textPrimaryForeground": "#252A31",
  "textSecondaryBackground": "rgba(79, 94, 113, 0.1)",
  "textSecondaryForeground": "#4F5E71",
  "textSuccessBackground": "rgba(40, 161, 56, 0.1)",
  "textSuccessForeground": "#28A138",
  "textWarningBackground": "rgba(223, 123, 0, 0.1)",
  "textWarningForeground": "#DF7B00",
  "textWhiteBackground": "rgba(255, 255, 255, 0.1)",
  "textWhiteForeground": "#FFFFFF",
  "widthBadgeCircled": "24px",
  "widthBreakpointDesktop": 992,
  "widthBreakpointLargeDesktop": 1200,
  "widthBreakpointLargeMobile": 576,
  "widthBreakpointMediumMobile": 414,
  "widthBreakpointTablet": 768,
  "widthCarrierLogo": "32px",
  "widthCheckbox": "20px",
  "widthCountryFlag": "24px",
  "widthIconLarge": "24px",
  "widthIconMedium": "20px",
  "widthIconSmall": "16px",
  "widthModalExtraLarge": "1280px",
  "widthModalLarge": "900px",
  "widthModalNormal": "740px",
  "widthModalSmall": "540px",
  "widthRadioButton": "20px",
  "widthStopoverArrow": "36px",
  "zIndexDefault": 1,
  "zIndexDrawer": 815,
  "zIndexModal": 825,
  "zIndexModalOverlay": 800,
  "zIndexNavigationBar": 700,
  "zIndexOnTheTop": 900,
  "zIndexSticky": 100,
}
`;
