// Jest Snapshot v1, https://goo.gl/fbAQLP

exports[`Tooltip it should match snapshot 1`] = `
.c0 {
  display: -webkit-inline-box;
  display: -webkit-inline-flex;
  display: -ms-inline-flexbox;
  display: inline-flex;
  max-width: 100%;
}

.c0:focus:active {
  outline: none;
}

.c0 [disabled] {
  pointer-events: none;
}

<span
  aria-describedby="1"
  class="c0"
  tabindex="0"
>
  <p>
    Some text
  </p>
</span>
`;
