// Jest Snapshot v1, https://goo.gl/fbAQLP

exports[`Tooltip it should match snapshot 1`] = `
.c1 {
  display: inline-block;
  width: 24px;
  height: 24px;
  -webkit-flex-shrink: 0;
  -ms-flex-negative: 0;
  flex-shrink: 0;
  vertical-align: middle;
  fill: currentColor;
}

.c0 {
  display: -webkit-inline-box;
  display: -webkit-inline-flex;
  display: -ms-inline-flexbox;
  display: inline-flex;
}

.c0:focus:active {
  outline: none;
}

.c0 [disabled] {
  pointer-events: none;
}

<span
  aria-describedby="1"
  class="c0"
  tabindex="0"
>
  <svg
    class="c1"
    preserveAspectRatio="xMidYMid meet"
    viewBox="0 0 24 24"
  >
    <path
      d="M7.85 7.331a469.495 469.495 0 0 1 2.358 2.219l.041.04c.105.109.237.245.412.252.197.008 3.043-.034 3.137-.046h.003c.094-.013.243-.032.165-.204-.079-.172-3.788-2.696-4.3-2.996-.073-.043-.135-.082-.19-.116-.323-.2-.39-.241-1.124-.211l-.213.008c-.669.026-.786.03-.887.229-.09.174.093.346.373.61.07.065.145.137.224.215Zm10.41 5.919c1.637.007 2.41-.766 2.41-1.35 0-.585-.228-1.193-1.85-1.412-1.082-.146-5.197-.136-12.345.032-.151-.004-.184-.016-.311-.12L5.045 9.258c-.235-.24-.711-.364-1.16-.357-.449.006-.596.25-.56.469.036.22.083.37.14.51l1.166 2.886c.144.323.425.52.796.484l4.408-.023c.144 0 .204.08.204.168-.002.04-.026.116-.15.248a635.858 635.858 0 0 0-2.713 2.913c-.244.261-.563.605-.537.857.029.286.39.314.63.314.29 0 .464 0 .608.002l.796-.002h.016c.671-.004.804-.005 1.146-.314.254-.23 1.743-1.595 4.468-4.094a.613.613 0 0 1 .293-.066c1.336.007 2.557.006 3.665-.003Z"
    />
  </svg>
</span>
`;
