// Jest Snapshot v1, https://goo.gl/fbAQLP

exports[`NotificationBadge should match snapshot 1`] = `
<Badge
  dataTest="test"
  icon={<Sightseeing />}
  type="info"
/>
`;
