// Jest Snapshot v1, https://goo.gl/fbAQLP

exports[`Select should match snapshot 1`] = `
<div
  className="jsx-2198933393"
>
  <label
    className="jsx-2198933393"
  >
    <select
      className="jsx-2198933393 "
      onChange={[Function]}
      required={true}
      value="1"
    >
      <option
        className="jsx-2198933393 placeholder"
        disabled={true}
        value=""
      />
      <option
        disabled={false}
        key="option-1"
        label="One"
        value="1"
      >
        One
      </option>
      <option
        disabled={false}
        key="option-2"
        label="Two"
        value="2"
      >
        Two
      </option>
      <option
        disabled={false}
        key="option-3"
        label="Three"
        value="3"
      >
        Three
      </option>
      <option
        disabled={false}
        key="option-4"
        label="Four"
        value="4"
      >
        Four
      </option>
      <option
        disabled={true}
        key="option-disabled-six"
        label="Disabled Six"
        value="disabled-six"
      >
        Disabled Six
      </option>
    </select>
    <span
      className="jsx-2198933393 dropdown-icon"
    >
      <FaChevronDown
        fill="#46515e"
        height={20}
      />
    </span>
  </label>
  <FieldFeedback />
  <JSXStyle
    css="label.jsx-2198933393{font-family:Roboto;line-height:1.43;position:relative;color:#46515e;}select.jsx-2198933393{font-size:16px;border-radius:3px;background-color:white;border:solid 1px #bac7d5;line-height:1.25;padding:12px 16px;color:#46515e;-webkit-appearance:none;-moz-appearance:none;appearance:none;padding-right:3em;width:100%;}select.UnSelected.jsx-2198933393{color:#7f91a8;}select.jsx-2198933393::-ms-expand{display:none;}select.hasError.jsx-2198933393{border-color:#d21c1c;}option[value=\\"\\"][disabled].jsx-2198933393{display:none;}.dropdown-icon.jsx-2198933393{position:absolute;right:1em;top:0px;pointer-events:none;}"
    styleId="2198933393"
  />
</div>
`;
