// Jest Snapshot v1, https://goo.gl/fbAQLP

exports[`ButtonPrimitive: getCommonProps function should match: dynamic width and static fontWeight and transition 1`] = `
Object {
  "fontSize": "14px",
  "fontWeight": "700",
  "height": "44px",
  "padding": "0",
  "width": "200px",
}
`;

exports[`ButtonPrimitive: getCommonProps function should match: null width and static fontWeight and transition 1`] = `
Object {
  "fontSize": "16px",
  "fontWeight": "700",
  "height": "52px",
  "padding": "0",
  "width": undefined,
}
`;
