// Jest Snapshot v1, https://goo.gl/fbAQLP

exports[`gatsby-node registering documents should create breadcrumb nodes 1`] = `
[
  {
    "breadcrumbs": [
      {
        "name": "Getting started",
        "url": "/getting-started/",
      },
      {
        "name": "For designers",
        "url": "/getting-started/for-designers/",
      },
    ],
    "file": "01-getting-started/01-for-designers/01-kiwi.mdx",
  },
  {
    "breadcrumbs": [
      {
        "name": "Getting started",
        "url": "/getting-started/",
      },
      {
        "name": "For developers",
        "url": "/getting-started/for-developers/",
      },
    ],
    "file": "01-getting-started/02-for-developers.mdx",
  },
]
`;
