// Jest Snapshot v1, https://goo.gl/fbAQLP

exports[`Grid should match snapshot 1`] = `
<div>
  <div
    class="inline-grid w-[var(--grid-width)] max-w-[var(--grid-max-width)] mm:max-w-[var(--mm-grid-max-width)] lm:max-w-[var(--lm-grid-max-width)] tb:max-w-[var(--tb-grid-max-width)] de:max-w-[var(--de-grid-max-width)] ld:max-w-[var(--ld-grid-max-width)] grid-cols-[var(--grid-columns)] grid-rows-[var(--grid-rows)] gap-x-[var(--grid-column-gap)] gap-y-[var(--grid-row-gap)]"
    data-test="test"
    style="--grid-width: 100%; --grid-max-width: 1440px; --mm-grid-max-width: 600px; --lm-grid-max-width: 700px; --tb-grid-max-width: 800px; --de-grid-max-width: 900px; --ld-grid-max-width: 1000px; --grid-columns: repeat(2, 1fr); --grid-rows: repeat(2, minmax(30px, 100px)); --grid-column-gap: 10px; --grid-row-gap: 20px;"
  >
    <div>
      1
    </div>
    <div>
      2
    </div>
    <div>
      3
    </div>
    <div>
      4
    </div>
  </div>
</div>
`;
