// Jest Snapshot v1, https://goo.gl/fbAQLP

exports[`InputStepper with help, prefix and suffix should match snapshot 1`] = `
<InputStepper
  defaultValue={1}
  disabled={false}
  error="Error message"
  forwardedRef={null}
  help="Help message"
  label="Label"
  maxValue={100}
  minValue={1}
  name="name"
  onBlur={[MockFunction]}
  onChange={[MockFunction]}
  onFocus={[MockFunction]}
  required={false}
  size="normal"
  step={2}
  tabIndex="-1"
/>
`;
